void main() {
b1:
  v01: int = const 1;
  v11: int = call getTwo();
  v21: int = add v01 v11;
  print v21;
  ret ;
}
int getTwo() {
b1:
  ret v01;
}
